I'm sorry, but errors were detected in your script. Please correct the
errors listed below, and try again.


File "game/puzzle.rpy", line 12: 'xalign' is not a keyword argument or valid child of the screen statement.
    xalign 0.95
          ^

Ren'Py Version: Ren'Py 8.4.1.25072401
Sun Sep 28 11:42:55 2025
